src/app/(dashboard)/dashboard/actions.ts(3,24): error TS2792: Cannot find module '@/lib/db'. Did you mean to set the 'moduleResolution' option to 'nodenext', or to add aliases to the 'paths' option?
src/app/(dashboard)/dashboard/actions.ts(4,22): error TS2792: Cannot find module '@/auth'. Did you mean to set the 'moduleResolution' option to 'nodenext', or to add aliases to the 'paths' option?
src/app/(dashboard)/dashboard/page.tsx(4,41): error TS2792: Cannot find module 'framer-motion'. Did you mean to set the 'moduleResolution' option to 'nodenext', or to add aliases to the 'paths' option?
src/app/(dashboard)/dashboard/page.tsx(22,8): error TS2792: Cannot find module 'lucide-react'. Did you mean to set the 'moduleResolution' option to 'nodenext', or to add aliases to the 'paths' option?
src/app/(dashboard)/dashboard/page.tsx(23,20): error TS2792: Cannot find module '@/lib/utils'. Did you mean to set the 'moduleResolution' option to 'nodenext', or to add aliases to the 'paths' option?
src/app/(dashboard)/dashboard/page.tsx(25,28): error TS2792: Cannot find module '@/components/MetricCard'. Did you mean to set the 'moduleResolution' option to 'nodenext', or to add aliases to the 'paths' option?
src/app/(dashboard)/dashboard/page.tsx(26,33): error TS2792: Cannot find module '@/components/EngagementChart'. Did you mean to set the 'moduleResolution' option to 'nodenext', or to add aliases to the 'paths' option?
src/app/(dashboard)/dashboard/page.tsx(27,25): error TS2792: Cannot find module '@/components/AIPanel'. Did you mean to set the 'moduleResolution' option to 'nodenext', or to add aliases to the 'paths' option?
src/app/(dashboard)/dashboard/page.tsx(28,32): error TS2792: Cannot find module '@/components/CommandButtons'. Did you mean to set the 'moduleResolution' option to 'nodenext', or to add aliases to the 'paths' option?
